// Jest Snapshot v1, https://goo.gl/fbAQLP

exports[`matches the HawkTable snapshot 1`] = `
<div
  className="hawk-table"
>
  <div
    className="hawk-table__header"
  >
    <span
      className="header-cell header-cell--name"
    >
      <div
        className="header-cell__name"
      >
        name
      </div>
      <div
        className="header-cell__arrows"
      >
        <div
          className="arrow up-arrow"
          onClick={[Function]}
        >
          ▲
        </div>
        <div
          className="arrow down-arrow"
          onClick={[Function]}
        >
          ▼
        </div>
      </div>
    </span>
    <span
      className="header-cell header-cell--size"
    >
      <div
        className="header-cell__name"
      >
        size
      </div>
      <div
        className="header-cell__arrows"
      >
        <div
          className="arrow up-arrow"
          onClick={[Function]}
        >
          ▲
        </div>
        <div
          className="arrow down-arrow"
          onClick={[Function]}
        >
          ▼
        </div>
      </div>
    </span>
    <span
      className="header-cell header-cell--gender"
    >
      <div
        className="header-cell__name"
      >
        gender
      </div>
      <div
        className="header-cell__arrows"
      >
        <div
          className="arrow up-arrow"
          onClick={[Function]}
        >
          ▲
        </div>
        <div
          className="arrow down-arrow"
          onClick={[Function]}
        >
          ▼
        </div>
      </div>
    </span>
  </div>
  <div
    className="hawk-table__rows"
    onScroll={[Function]}
  >
    <div
      className="hawk-row"
    >
      <span
        className="hawk-row__cell hawk-row__cell--name"
      >
        test0
      </span>
      <span
        className="hawk-row__cell hawk-row__cell--size"
      >
        SMALL
      </span>
      <span
        className="hawk-row__cell hawk-row__cell--gender"
      >
        FEMALE
      </span>
      <span
        className="hawk-row__cell hawk-row__cell--view"
      >
        <button
          className="view-hawk-button"
          onClick={[Function]}
        >
          View
        </button>
      </span>
    </div>
    <div
      className="hawk-row"
    >
      <span
        className="hawk-row__cell hawk-row__cell--name"
      >
        test1
      </span>
      <span
        className="hawk-row__cell hawk-row__cell--size"
      >
        SMALL
      </span>
      <span
        className="hawk-row__cell hawk-row__cell--gender"
      >
        FEMALE
      </span>
      <span
        className="hawk-row__cell hawk-row__cell--view"
      >
        <button
          className="view-hawk-button"
          onClick={[Function]}
        >
          View
        </button>
      </span>
    </div>
    <div
      className="hawk-row"
    >
      <span
        className="hawk-row__cell hawk-row__cell--name"
      >
        test2
      </span>
      <span
        className="hawk-row__cell hawk-row__cell--size"
      >
        SMALL
      </span>
      <span
        className="hawk-row__cell hawk-row__cell--gender"
      >
        FEMALE
      </span>
      <span
        className="hawk-row__cell hawk-row__cell--view"
      >
        <button
          className="view-hawk-button"
          onClick={[Function]}
        >
          View
        </button>
      </span>
    </div>
    <div
      className="hawk-row"
    >
      <span
        className="hawk-row__cell hawk-row__cell--name"
      >
        test3
      </span>
      <span
        className="hawk-row__cell hawk-row__cell--size"
      >
        SMALL
      </span>
      <span
        className="hawk-row__cell hawk-row__cell--gender"
      >
        FEMALE
      </span>
      <span
        className="hawk-row__cell hawk-row__cell--view"
      >
        <button
          className="view-hawk-button"
          onClick={[Function]}
        >
          View
        </button>
      </span>
    </div>
    <div
      className="hawk-row"
    >
      <span
        className="hawk-row__cell hawk-row__cell--name"
      >
        test4
      </span>
      <span
        className="hawk-row__cell hawk-row__cell--size"
      >
        SMALL
      </span>
      <span
        className="hawk-row__cell hawk-row__cell--gender"
      >
        FEMALE
      </span>
      <span
        className="hawk-row__cell hawk-row__cell--view"
      >
        <button
          className="view-hawk-button"
          onClick={[Function]}
        >
          View
        </button>
      </span>
    </div>
    <div
      className="hawk-row"
    >
      <span
        className="hawk-row__cell hawk-row__cell--name"
      >
        test5
      </span>
      <span
        className="hawk-row__cell hawk-row__cell--size"
      >
        SMALL
      </span>
      <span
        className="hawk-row__cell hawk-row__cell--gender"
      >
        FEMALE
      </span>
      <span
        className="hawk-row__cell hawk-row__cell--view"
      >
        <button
          className="view-hawk-button"
          onClick={[Function]}
        >
          View
        </button>
      </span>
    </div>
    <div
      className="hawk-row"
    >
      <span
        className="hawk-row__cell hawk-row__cell--name"
      >
        test6
      </span>
      <span
        className="hawk-row__cell hawk-row__cell--size"
      >
        SMALL
      </span>
      <span
        className="hawk-row__cell hawk-row__cell--gender"
      >
        FEMALE
      </span>
      <span
        className="hawk-row__cell hawk-row__cell--view"
      >
        <button
          className="view-hawk-button"
          onClick={[Function]}
        >
          View
        </button>
      </span>
    </div>
    <div
      className="hawk-row"
    >
      <span
        className="hawk-row__cell hawk-row__cell--name"
      >
        test7
      </span>
      <span
        className="hawk-row__cell hawk-row__cell--size"
      >
        SMALL
      </span>
      <span
        className="hawk-row__cell hawk-row__cell--gender"
      >
        FEMALE
      </span>
      <span
        className="hawk-row__cell hawk-row__cell--view"
      >
        <button
          className="view-hawk-button"
          onClick={[Function]}
        >
          View
        </button>
      </span>
    </div>
    <div
      className="hawk-row"
    >
      <span
        className="hawk-row__cell hawk-row__cell--name"
      >
        test8
      </span>
      <span
        className="hawk-row__cell hawk-row__cell--size"
      >
        SMALL
      </span>
      <span
        className="hawk-row__cell hawk-row__cell--gender"
      >
        FEMALE
      </span>
      <span
        className="hawk-row__cell hawk-row__cell--view"
      >
        <button
          className="view-hawk-button"
          onClick={[Function]}
        >
          View
        </button>
      </span>
    </div>
    <div
      className="hawk-row"
    >
      <span
        className="hawk-row__cell hawk-row__cell--name"
      >
        test9
      </span>
      <span
        className="hawk-row__cell hawk-row__cell--size"
      >
        SMALL
      </span>
      <span
        className="hawk-row__cell hawk-row__cell--gender"
      >
        FEMALE
      </span>
      <span
        className="hawk-row__cell hawk-row__cell--view"
      >
        <button
          className="view-hawk-button"
          onClick={[Function]}
        >
          View
        </button>
      </span>
    </div>
    <div
      className="hawk-row"
    >
      <span
        className="hawk-row__cell hawk-row__cell--name"
      >
        test10
      </span>
      <span
        className="hawk-row__cell hawk-row__cell--size"
      >
        SMALL
      </span>
      <span
        className="hawk-row__cell hawk-row__cell--gender"
      >
        FEMALE
      </span>
      <span
        className="hawk-row__cell hawk-row__cell--view"
      >
        <button
          className="view-hawk-button"
          onClick={[Function]}
        >
          View
        </button>
      </span>
    </div>
    <div
      className="hawk-row"
    >
      <span
        className="hawk-row__cell hawk-row__cell--name"
      >
        test11
      </span>
      <span
        className="hawk-row__cell hawk-row__cell--size"
      >
        SMALL
      </span>
      <span
        className="hawk-row__cell hawk-row__cell--gender"
      >
        FEMALE
      </span>
      <span
        className="hawk-row__cell hawk-row__cell--view"
      >
        <button
          className="view-hawk-button"
          onClick={[Function]}
        >
          View
        </button>
      </span>
    </div>
    <div
      className="hawk-row"
    >
      <span
        className="hawk-row__cell hawk-row__cell--name"
      >
        test12
      </span>
      <span
        className="hawk-row__cell hawk-row__cell--size"
      >
        SMALL
      </span>
      <span
        className="hawk-row__cell hawk-row__cell--gender"
      >
        FEMALE
      </span>
      <span
        className="hawk-row__cell hawk-row__cell--view"
      >
        <button
          className="view-hawk-button"
          onClick={[Function]}
        >
          View
        </button>
      </span>
    </div>
    <div
      className="hawk-row"
    >
      <span
        className="hawk-row__cell hawk-row__cell--name"
      >
        test13
      </span>
      <span
        className="hawk-row__cell hawk-row__cell--size"
      >
        SMALL
      </span>
      <span
        className="hawk-row__cell hawk-row__cell--gender"
      >
        FEMALE
      </span>
      <span
        className="hawk-row__cell hawk-row__cell--view"
      >
        <button
          className="view-hawk-button"
          onClick={[Function]}
        >
          View
        </button>
      </span>
    </div>
    <div
      className="hawk-row"
    >
      <span
        className="hawk-row__cell hawk-row__cell--name"
      >
        test14
      </span>
      <span
        className="hawk-row__cell hawk-row__cell--size"
      >
        SMALL
      </span>
      <span
        className="hawk-row__cell hawk-row__cell--gender"
      >
        FEMALE
      </span>
      <span
        className="hawk-row__cell hawk-row__cell--view"
      >
        <button
          className="view-hawk-button"
          onClick={[Function]}
        >
          View
        </button>
      </span>
    </div>
    <div
      className="hawk-row"
    >
      <span
        className="hawk-row__cell hawk-row__cell--name"
      >
        test15
      </span>
      <span
        className="hawk-row__cell hawk-row__cell--size"
      >
        SMALL
      </span>
      <span
        className="hawk-row__cell hawk-row__cell--gender"
      >
        FEMALE
      </span>
      <span
        className="hawk-row__cell hawk-row__cell--view"
      >
        <button
          className="view-hawk-button"
          onClick={[Function]}
        >
          View
        </button>
      </span>
    </div>
    <div
      className="hawk-row"
    >
      <span
        className="hawk-row__cell hawk-row__cell--name"
      >
        test16
      </span>
      <span
        className="hawk-row__cell hawk-row__cell--size"
      >
        SMALL
      </span>
      <span
        className="hawk-row__cell hawk-row__cell--gender"
      >
        FEMALE
      </span>
      <span
        className="hawk-row__cell hawk-row__cell--view"
      >
        <button
          className="view-hawk-button"
          onClick={[Function]}
        >
          View
        </button>
      </span>
    </div>
    <div
      className="hawk-row"
    >
      <span
        className="hawk-row__cell hawk-row__cell--name"
      >
        test17
      </span>
      <span
        className="hawk-row__cell hawk-row__cell--size"
      >
        SMALL
      </span>
      <span
        className="hawk-row__cell hawk-row__cell--gender"
      >
        FEMALE
      </span>
      <span
        className="hawk-row__cell hawk-row__cell--view"
      >
        <button
          className="view-hawk-button"
          onClick={[Function]}
        >
          View
        </button>
      </span>
    </div>
    <div
      className="hawk-row"
    >
      <span
        className="hawk-row__cell hawk-row__cell--name"
      >
        test18
      </span>
      <span
        className="hawk-row__cell hawk-row__cell--size"
      >
        SMALL
      </span>
      <span
        className="hawk-row__cell hawk-row__cell--gender"
      >
        FEMALE
      </span>
      <span
        className="hawk-row__cell hawk-row__cell--view"
      >
        <button
          className="view-hawk-button"
          onClick={[Function]}
        >
          View
        </button>
      </span>
    </div>
    <div
      className="hawk-row"
    >
      <span
        className="hawk-row__cell hawk-row__cell--name"
      >
        test19
      </span>
      <span
        className="hawk-row__cell hawk-row__cell--size"
      >
        SMALL
      </span>
      <span
        className="hawk-row__cell hawk-row__cell--gender"
      >
        FEMALE
      </span>
      <span
        className="hawk-row__cell hawk-row__cell--view"
      >
        <button
          className="view-hawk-button"
          onClick={[Function]}
        >
          View
        </button>
      </span>
    </div>
  </div>
</div>
`;
