// Jest Snapshot v1, https://goo.gl/fbAQLP

exports[`matches the EditHawkContainer snapshot 1`] = `
<div
  className="edit-hawk"
>
  <form
    onSubmit={[Function]}
  >
    <span
      className="edit-hawk__name"
    >
      <label
        className="edit-hawk__label"
        htmlFor="hawk-name"
      >
        Name
      </label>
      <input
        id="hawk-name"
        onChange={[Function]}
        type="text"
        value="test0"
      />
    </span>
    <span
      className="edit-hawk__size"
    >
      <label
        className="edit-hawk__label"
      >
        Size
      </label>
      <label
        className="edit-hawk__sublabel"
        htmlFor="small"
      >
        <input
          checked={true}
          id="small"
          onChange={[Function]}
          type="radio"
          value="SMALL"
        />
        Small
      </label>
      <label
        className="edit-hawk__sublabel"
        htmlFor="medium"
      >
        <input
          checked={false}
          id="medium"
          onChange={[Function]}
          type="radio"
          value="MEDIUM"
        />
        Medium
      </label>
      <label
        className="edit-hawk__sublabel"
        htmlFor="large"
      >
        <input
          checked={false}
          id="large"
          onChange={[Function]}
          type="radio"
          value="LARGE"
        />
        Large
      </label>
    </span>
    <span
      className="edit-hawk__gender"
    >
      <label
        className="edit-hawk__label"
      >
        Gender
      </label>
      <label
        className="edit-hawk__sublabel"
        htmlFor="male"
      >
        <input
          checked={false}
          id="male"
          onChange={[Function]}
          type="radio"
          value="MALE"
        />
        Male
      </label>
      <label
        className="edit-hawk__sublabel"
        htmlFor="female"
      >
        <input
          checked={true}
          id="female"
          onChange={[Function]}
          type="radio"
          value="FEMALE"
        />
        Female
      </label>
    </span>
    <span
      className="edit-hawk__length"
    >
      <label
        className="edit-hawk__label"
      >
        Length
      </label>
      <label
        className="edit-hawk__sublabel"
        htmlFor="lengthBegin"
      >
        From
        <input
          id="lengthBegin"
          onChange={[Function]}
          type="number"
          value={0}
        />
      </label>
      <label
        className="edit-hawk__sublabel"
        htmlFor="lengthEnd"
      >
        To
        <input
          id="lengthEnd"
          onChange={[Function]}
          type="number"
          value={0}
        />
        cm
      </label>
    </span>
    <span
      className="edit-hawk__wingspan"
    >
      <label
        className="edit-hawk__label"
      >
        Wingspan
      </label>
      <label
        className="edit-hawk__sublabel"
        htmlFor="wingspanBegin"
      >
        From
        <input
          id="wingspanBegin"
          onChange={[Function]}
          type="number"
          value={0}
        />
      </label>
      <label
        className="edit-hawk__sublabel"
        htmlFor="wingspanEnd"
      >
        To
        <input
          id="wingspanEnd"
          onChange={[Function]}
          type="number"
          value={0}
        />
        cm
      </label>
    </span>
    <span
      className="edit-hawk__weight"
    >
      <label
        className="edit-hawk__label"
      >
        Weight
      </label>
      <label
        className="edit-hawk__sublabel"
        htmlFor="weightBegin"
      >
        From
        <input
          id="weightBegin"
          onChange={[Function]}
          type="number"
          value={0}
        />
      </label>
      <label
        className="edit-hawk__sublabel"
        htmlFor="weightEnd"
      >
        To
        <input
          id="weightEnd"
          onChange={[Function]}
          type="number"
          value={0}
        />
        grams
      </label>
    </span>
    <span
      className="edit-hawk__url"
    >
      <label
        className="edit-hawk__label"
        htmlFor="hawk-url"
      >
        Url
      </label>
      <input
        id="hawk-url"
        onChange={[Function]}
        type="text"
        value="www.ayylmao.com"
      />
    </span>
    <span
      className="edit-hawk__color"
    >
      <label
        className="edit-hawk__label"
        htmlFor="hawk-color"
      >
        Color Description
      </label>
      <textarea
        id="hawk-color"
        onChange={[Function]}
        value="some color"
      />
    </span>
    <span
      className="edit-hawk__behavior"
    >
      <label
        className="edit-hawk__label"
        htmlFor="hawk-behavior"
      >
        Behavior Description
      </label>
      <textarea
        id="hawk-behavior"
        onChange={[Function]}
        value="some behavior"
      />
    </span>
    <span
      className="edit-hawk__habitat"
    >
      <label
        className="edit-hawk__label"
        htmlFor="hawk-habitat"
      >
        Habitat Description
      </label>
      <textarea
        id="hawk-habitat"
        onChange={[Function]}
        value="some habitat"
      />
    </span>
    <input
      disabled={true}
      type="submit"
      value="Save"
    />
  </form>
</div>
`;
